// Jest Snapshot v1, https://goo.gl/fbAQLP

exports[` Details Component Rendering  renders correctly 1`] = `
<div>
  <div
    className="title"
  >
    <div
      className="details-item"
    />
  </div>
</div>
`;
